<style>{% include projects/golden/step1.css %}</style>
<div id="golden1"><div><div><div><div><div><div><div><div><div><div><div><div></div></div></div></div></div></div></div></div></div></div></div></div></div>
