<style>{% include "golden/step3.css" %}</style>
<h3>Hover over this:</h3>
<div id="golden3">
  <div>
    <div>
      <div>
        <div>
          <div>
            <div>
              <div>
                <div>
                  <div>
                    <div>
                      <div>
                        <div>
                        </div>
                      </div>
                    </div>
                  </div>
                </div>
              </div>
            </div>
          </div>
        </div>
      </div>
    </div>
  </div>
</div>
